---
source: crates/ccl/icn-ccl-dsl/src/lib.rs
expression: json
---
{
  "id": "a1a2a3a4-b1b2-c1c2-d1d2-d3d4d5d6d7d8",
  "title": "Test",
  "version": "1.0",
  "body": "hello",
  "author": "did:key:z6M...",
  "created_at": 0,
  "rules": []
}
